1. Java version:
java version "1.7.0_10"
Java(TM) SE Runtime Environment (build 1.7.0_10-b18)
Java HotSpot(TM) 64-Bit Server VM (build 23.6-b04, mixed mode)

2. Machine configurations
Intel(R) Core(TM) i5-3210M CPU @ 2.50GHz
cpu cores: 2

free -m
             total       used       free     shared    buffers     cached
Mem:          7711       7556        155          0        214       2747
-/+ buffers/cache:       4593       3117
Swap:        11717         52      11665

3. Test result output:
[-Infinity, 0.0, 0.6931471805599453, 1.0986122886681098, 1.3862943611198906, 1.6094379124341003, 1.791759469228055, 1.9459101490553132, 2.0794415416798357, 2.1972245773362196]
[-Infinity, 0.0, 0.6931471805599453, 1.0986122886681098, 1.3862943611198906, 1.6094379124341003, 1.791759469228055, 1.9459101490553132, 2.0794415416798357, 2.1972245773362196]
[-Infinity, 0.0, 0.6931471805599453, 1.0986122886681098, 1.3862943611198906, 1.6094379124341003, 1.791759469228055, 1.9459101490553132, 2.0794415416798357, 2.1972245773362196]
[-Infinity, 0.0, 0.6931471805599453, 1.0986122886681098, 1.3862943611198906, 1.6094379124341003, 1.791759469228055, 1.9459101490553132, 2.0794415416798357, 2.1972245773362196]
sequential avg: 187 ms
attempt 1 avg: 68 ms
attempt 2 avg: 63 ms
attempt 3 avg: 39 ms
